{
  "fps": 30,
  "res": "1080x1920",
  "tracks": {
    "V": ["SC01_SH01.mp4"],
    "A": ["grandpa.wav"]
  },
  "captions": [
    {"t_start": 0.0, "t_end": 2.0, "text": "Привіт, діти!"}
  ]
}